mode: set
learn/test/split.go:5.45,8.13 2 1
learn/test/split.go:13.2,14.8 2 1
learn/test/split.go:8.13,12.3 3 1
